═══ RealRTCW release build (без sanitizer'а) ═══
Лог-префиксы:  /tmp/rtcw-asan.<pid>.log   /tmp/rtcw-ubsan.<pid>.log
Бинарник:      /Users/ragnar/fedorov_tech/RealRTCW-vulkan-wt/build/release-darwin-arm64-nosteam/RealRTCW.arm64

Renderer:      Vulkan (cl_renderer=vulkan)
tty console mode disabled
RealRTCW 5.4 macosx-arm64 Jun 11 2026
----- FS_Startup -----
Current search path:
/Users/ragnar/Library/Application Support/RealRTCW/main/z_zzzsurvival.pk3 (410 files)
/Users/ragnar/Library/Application Support/RealRTCW/main/z_zzrealrtcw_scripts.pk3 (280 files)
/Users/ragnar/Library/Application Support/RealRTCW/main/z_zrealrtcw_ui_hd.pk3 (90 files)
/Users/ragnar/Library/Application Support/RealRTCW/main/z_zrealrtcw_ui.pk3 (692 files)
/Users/ragnar/Library/Application Support/RealRTCW/main/z_zperson.pk3 (50 files)
/Users/ragnar/Library/Application Support/RealRTCW/main/z_realrtcw_textures_hd.pk3 (1674 files)
/Users/ragnar/Library/Application Support/RealRTCW/main/z_realrtcw_textures.pk3 (704 files)
/Users/ragnar/Library/Application Support/RealRTCW/main/z_realrtcw_sounds_hd.pk3 (203 files)
/Users/ragnar/Library/Application Support/RealRTCW/main/z_realrtcw_sounds.pk3 (758 files)
/Users/ragnar/Library/Application Support/RealRTCW/main/z_realrtcw_models_weapons.pk3 (772 files)
/Users/ragnar/Library/Application Support/RealRTCW/main/z_realrtcw_models_hd.pk3 (393 files)
/Users/ragnar/Library/Application Support/RealRTCW/main/z_realrtcw_models_characters_hd.pk3 (815 files)
/Users/ragnar/Library/Application Support/RealRTCW/main/z_realrtcw_models_characters.pk3 (575 files)
/Users/ragnar/Library/Application Support/RealRTCW/main/z_realrtcw_models.pk3 (715 files)
/Users/ragnar/Library/Application Support/RealRTCW/main/z_realrtcw_maps_re.pk3 (27 files)
/Users/ragnar/Library/Application Support/RealRTCW/main/z_realrtcw_maps.pk3 (63 files)
/Users/ragnar/Library/Application Support/RealRTCW/main/z_realrtcw_localization.pk3 (306 files)
/Users/ragnar/Library/Application Support/RealRTCW/main/sp_pak4.pk3 (21 files)
/Users/ragnar/Library/Application Support/RealRTCW/main/sp_pak3.pk3 (14 files)
/Users/ragnar/Library/Application Support/RealRTCW/main/sp_pak2.pk3 (232 files)
/Users/ragnar/Library/Application Support/RealRTCW/main/sp_pak1.pk3 (1342 files)
/Users/ragnar/Library/Application Support/RealRTCW/main/pak0.pk3 (4775 files)
/Users/ragnar/Library/Application Support/RealRTCW/main
/Users/ragnar/fedorov_tech/RealRTCW-vulkan-wt/build/release-darwin-arm64-nosteam/main

----------------------
14911 files in pk3 files
^3EXEC_NOW exec realrtcwdefault.cfg

execing realrtcwdefault.cfg
execing realrtcw_binds.cfg
execing realrtcw_cvars.cfg
execing autoexec.cfg
couldn't exec dlc1.cfg
couldn't exec ee_dlc.cfg
Hunk_Clear: reset the hunk ok
Warning: cvar "sv_cheats" given initial values: "0" and "1"
Bypassing CD checks
----- Client Initialization -----
Cmd_AddCommand: map_restart already defined
----- Initializing Renderer ----
Trying to load "renderer_sp_vulkan_arm64.dylib" from "/Users/ragnar/fedorov_tech/RealRTCW-vulkan-wt/build/release-darwin-arm64-nosteam"...
---- Renderer Initialization Complete ----
RTCWKEY found.
----- Client Initialization Complete -----
----- R_Init -----
VKimp_Init( )
SDL using driver "cocoa"
Initializing OpenGL display
Display aspect: 1.600
...setting mode -2: 1680 1050
Available modes: '840x525 1024x640 1152x720 1280x800 1440x900 1680x1050 2048x1280 2560x1600 825x525 1650x1050 800x600 1024x768'

------- Input Initialization -------
Calling SDL_Init(SDL_INIT_JOYSTICK)...
SDL_Init(SDL_INIT_JOYSTICK) passed.
Calling SDL_Init(SDL_INIT_GAMECONTROLLER)...
SDL_Init(SDL_INIT_GAMECONTROLLER) passed.
No joystick opened: Joystick 0 not found
------------------------------------
^1instance extension: VK_KHR_get_physical_device_properties2
^1instance extension: VK_KHR_surface
^1instance extension: VK_EXT_debug_utils
^1instance extension: VK_EXT_headless_surface
^1instance extension: VK_EXT_metal_surface
^1instance extension: VK_MVK_macos_surface
^1instance extension: VK_KHR_portability_enumeration
.......................
Available physical devices:
 0: Integrated Apple M1, 0x1a050207
.......................
...selected physical device: 0
...device memory size: 8192MB
...presentation modes: FIFO IMMEDIATE
...selected presentation mode: IMMEDIATE, image count: 3

VK_VENDOR: Apple Inc.
VK_RENDERER: Integrated Apple M1, 0x1a050207
VK_VERSION: API: 1.1.334, Driver: 0.2.2209
^1VK_EXTENSIONS: ^1VK_KHR_16bit_storage VK_KHR_8bit_storage VK_KHR_bind_memory2 VK_KHR_buffer_device_address VK_KHR_calibrated_timestamps VK_KHR_copy_commands2 VK_KHR_create_renderpass2 VK_KHR_dedicated_allocation VK_KHR_deferred_host_operations VK_KHR_depth_stencil_resolve VK_KHR_descriptor_update_template VK_KHR_device_group VK_KHR_driver_properties VK_KHR_dynamic_rendering VK_KHR_dynamic_rendering_local_read VK_KHR_external_fence VK_KHR_external_memory VK_KHR_external_semaphore VK_KHR_format_feature_flags2 VK_KHR_fragment_shader_barycentric VK_KHR_get_memory_requirements2 VK_KHR_global_priority VK_KHR_image_format_list VK_KHR_imageless_framebuffer VK_KHR_incremental_present VK_KHR_index_type_uint8 VK_KHR_line_rasterization VK_KHR_load_store_op_none VK_KHR_maintenance1 VK_KHR_maintenance2 VK_KHR_maintenance3 VK_KHR_maintenance4 VK_KHR_maintenance5 VK_KHR_maintenance6 VK_KHR_maintenance7 VK_KHR_maintenance8 VK_KHR_maintenance9 VK_KHR_map_memory2 VK_KHR_multiview VK_KHR_portability_subset VK_KHR_present_id VK_KHR_present_id2 V^1K_KHR_present_wait VK_KHR_present_wait2 VK_KHR_push_descriptor VK_KHR_relaxed_block_layout VK_KHR_robustness2 VK_KHR_sampler_mirror_clamp_to_edge VK_KHR_sampler_ycbcr_conversion VK_KHR_separate_depth_stencil_layouts VK_KHR_shader_draw_parameters VK_KHR_shader_expect_assume VK_KHR_shader_float_controls VK_KHR_shader_float_controls2 VK_KHR_shader_float16_int8 VK_KHR_shader_fma VK_KHR_shader_integer_dot_product VK_KHR_shader_maximal_reconvergence VK_KHR_shader_non_semantic_info VK_KHR_shader_quad_control VK_KHR_shader_relaxed_extended_instruction VK_KHR_shader_subgroup_extended_types VK_KHR_shader_subgroup_rotate VK_KHR_shader_subgroup_uniform_control_flow VK_KHR_shader_terminate_invocation VK_KHR_spirv_1_4 VK_KHR_storage_buffer_storage_class VK_KHR_swapchain VK_KHR_swapchain_maintenance1 VK_KHR_swapchain_mutable_format VK_KHR_synchronization2 VK_KHR_timeline_semaphore VK_KHR_uniform_buffer_standard_layout VK_KHR_variable_pointers VK_KHR_vertex_attribute_divisor VK_KHR_vulkan_memory_model VK_KHR_zero_initialize^1_workgroup_memory VK_EXT_4444_formats VK_EXT_buffer_device_address VK_EXT_calibrated_timestamps VK_EXT_debug_marker VK_EXT_depth_clip_control VK_EXT_descriptor_indexing VK_EXT_extended_dynamic_state VK_EXT_extended_dynamic_state2 VK_EXT_extended_dynamic_state3 VK_EXT_external_memory_host VK_EXT_external_memory_metal VK_EXT_fragment_shader_interlock VK_EXT_global_priority VK_EXT_global_priority_query VK_EXT_hdr_metadata VK_EXT_host_image_copy VK_EXT_host_query_reset VK_EXT_image_2d_view_of_3d VK_EXT_image_robustness VK_EXT_index_type_uint8 VK_EXT_inline_uniform_block VK_EXT_line_rasterization VK_EXT_load_store_op_none VK_EXT_memory_budget VK_EXT_metal_objects VK_EXT_pipeline_creation_cache_control VK_EXT_pipeline_creation_feedback VK_EXT_pipeline_robustness VK_EXT_post_depth_coverage VK_EXT_private_data VK_EXT_robustness2 VK_EXT_sample_locations VK_EXT_scalar_block_layout VK_EXT_separate_stencil_usage VK_EXT_shader_atomic_float VK_EXT_shader_demote_to_helper_invocation VK_EXT_shader_stencil_export VK_EXT_shad^1er_subgroup_ballot VK_EXT_shader_subgroup_vote VK_EXT_shader_viewport_index_layer VK_EXT_subgroup_size_control VK_EXT_swapchain_maintenance1 VK_EXT_texel_buffer_alignment VK_EXT_texture_compression_astc_hdr VK_EXT_tooling_info VK_EXT_vertex_attribute_divisor VK_AMD_gpu_shader_half_float VK_AMD_negative_viewport_height VK_AMD_shader_image_load_store_lod VK_AMD_shader_trinary_minmax VK_GOOGLE_display_timing VK_IMG_format_pvrtc VK_INTEL_shader_integer_functions2 VK_NV_fragment_shader_barycentric
VK_MAX_TEXTURE_SIZE: 11
VK_MAX_TEXTURE_UNITS: 8

PIXELFORMAT: color(0-bits) Z(0-bit) stencil(0-bits)
 presentation: VK_FORMAT_B8G8R8A8_UNORM
 depth: VK_FORMAT_D32_SFLOAT
MODE: -2, 0 x 0 windowed hz:N/A
GAMMA: software w/ 0 overbright bits
texturemode: GL_LINEAR_MIPMAP_LINEAR
texture bits: 32
picmip: 0
Forcing glFinish
Initializing Shaders
^3WARNING: Ignoring shader file scripts/common.shader. Shader "textures/sfx/portal3a_back2" on line 842 missing closing brace.
^3WARNING: Ignoring shader file scripts/models_mapobjects_et.shader. Shader "models/mapobjects/flag/flag_dam" on line 1347 missing closing brace.
^1File scripts/ui_wolf.shader: shader "}" on line 1849 missing opening brace^1 (found "}" on line 1850)
^3Ignoring entire file 'scripts/ui_wolf.shader' due to error.
./scripts/mac/playtest.sh: line 90:   351 Segmentation fault: 11  "$BIN" "${RENDERER_ARGS[@]+"${RENDERER_ARGS[@]}"}" "${EXTRA_ARGS[@]+"${EXTRA_ARGS[@]}"}" "${AUTO_ARGS[@]+"${AUTO_ARGS[@]}"}" < /dev/null

═══ Игра вышла с кодом 139 ═══
✓ Никаких ASAN/UBSAN репортов. Sanitizer молчал — это хорошо.
